[1/63] (((b)*+a)+c)
  sat=True equivalent=True states=4 cegis_rounds=11 cex=10 solver_rounds=36 time=2.2963s
[2/63] ((b)* ((c a))*)
  sat=True equivalent=True states=4 cegis_rounds=9 cex=8 solver_rounds=31 time=2.9791s
[3/63] ((c)*+b)
  sat=True equivalent=True states=4 cegis_rounds=7 cex=6 solver_rounds=23 time=2.4942s
[4/63] (((((c)* a) ((b)* (b)*))+((a)* ((a b) (a)*))))*
  sat=True equivalent=True states=4 cegis_rounds=6 cex=5 solver_rounds=22 time=3.1284s
[5/63] ((((c)* (c c))+(b)*))*
  sat=True equivalent=True states=4 cegis_rounds=6 cex=5 solver_rounds=24 time=4.2497s
[6/63] ((a ((b)*+c)))*
  sat=True equivalent=True states=4 cegis_rounds=6 cex=5 solver_rounds=23 time=4.4160s
[7/63] (((((b)*+c)+b) (((c ((a)* c)))*+(c+c))))*
  sat=True equivalent=True states=4 cegis_rounds=3 cex=2 solver_rounds=12 time=1.9446s
[8/63] (((((((b)* a)+(b)*))* a))*+(b)*)
  sat=True equivalent=True states=3 cegis_rounds=1 cex=0 solver_rounds=3 time=0.2224s
[9/63] (((b)* (((b (c)*))* (((b)*+b) b))))*
  sat=True equivalent=True states=4 cegis_rounds=2 cex=1 solver_rounds=8 time=0.8645s
[10/63] (((b)*+c) (((a)*+(b)*) (b)*))
  sat=True equivalent=True states=5 cegis_rounds=17 cex=16 solver_rounds=72 time=24.8299s
[11/63] ((b (b)*) ((c)* a))
  sat=True equivalent=True states=5 cegis_rounds=21 cex=20 solver_rounds=85 time=15.7096s
[12/63] (((c)* (a)*) (((c)*+a)+b))
  sat=True equivalent=True states=5 cegis_rounds=12 cex=11 solver_rounds=51 time=12.6187s
[13/63] (((((b a))*+a))*+(c)*)
  sat=True equivalent=True states=5 cegis_rounds=24 cex=23 solver_rounds=109 time=30.9695s
[14/63] (((a)* (((((a)* (c)*))*+a) b)) (((a+a) c)+c))
  sat=True equivalent=True states=5 cegis_rounds=27 cex=26 solver_rounds=123 time=52.5287s
[15/63] (((b (b)*) (c c)) ((((((c (a+c)))*+c) (b)*) (a)*))*)
  sat=True equivalent=True states=5 cegis_rounds=11 cex=10 solver_rounds=53 time=18.6798s
[16/63] ((c ((((a)* ((b (c)*))*)+((a+b)+(b)*)) (a)*)))*
  sat=True equivalent=True states=5 cegis_rounds=11 cex=10 solver_rounds=52 time=39.0493s
[17/63] ((((a)*+(a+b))+((c ((a (c c)) (b)*)))*))*
  sat=True equivalent=False states=5 cegis_rounds=30 cex=30 solver_rounds=132 time=44.1406s
[18/63] ((c a) (((b)* ((b)* (((b)* (b (a)*)))*)))*)
  sat=True equivalent=True states=5 cegis_rounds=29 cex=28 solver_rounds=134 time=39.2203s
[19/63] ((((b)* c)+(c (a+b)))+((a+c) ((c)*+c)))
  sat=True equivalent=False states=6 cegis_rounds=30 cex=30 solver_rounds=152 time=33.4725s
[20/63] (((((b)*+(b)*)+b) ((a)* ((a)*+b))) ((c)*+b))
  sat=True equivalent=True states=6 cegis_rounds=21 cex=20 solver_rounds=106 time=50.2463s
[21/63] ((((c)* b)+c)+((b)* ((c)* b)))
  sat=True equivalent=True states=6 cegis_rounds=13 cex=12 solver_rounds=68 time=13.8909s
[22/63] (((((((c b) b))* ((c)*+a)))*+c)+(((b)*+a)+(c)*))
  sat=True equivalent=True states=6 cegis_rounds=30 cex=29 solver_rounds=161 time=86.1321s
[23/63] (((((a)*+(c c)))* (b+c))+(a+c))
  sat=True equivalent=False states=6 cegis_rounds=30 cex=30 solver_rounds=160 time=141.3417s
[24/63] ((((c)* a) ((b)* (((c)*+(c)*))*))+((c)*+b))
  sat=True equivalent=True states=6 cegis_rounds=16 cex=15 solver_rounds=80 time=26.6236s
[25/63] (((((c)* ((b)* (b c))))* b))*
  sat=True equivalent=True states=5 cegis_rounds=11 cex=10 solver_rounds=49 time=11.6910s
[26/63] (((b)* b) (((((b ((a (a b))+(c)*)))*+(b)*))* b))
  sat=True equivalent=False states=6 cegis_rounds=30 cex=30 solver_rounds=150 time=61.4014s
[27/63] (((((a)* (c)*))*+((b c) ((a b) c))))*
  sat=True equivalent=False states=6 cegis_rounds=30 cex=30 solver_rounds=135 time=48.7347s
[28/63] ((((a b))*+a)+(c b))
  sat=True equivalent=False states=7 cegis_rounds=30 cex=30 solver_rounds=155 time=30.3876s
[29/63] ((((c)* a) c)+(a)*)
  sat=True equivalent=True states=7 cegis_rounds=25 cex=24 solver_rounds=146 time=45.5130s
[30/63] (((b+c)+(c)*) (((c)*+a)+(b (b)*)))
  sat=True equivalent=True states=7 cegis_rounds=30 cex=29 solver_rounds=168 time=91.5440s
[31/63] ((((((a+a)+(c a)))* a))*+(c)*)
  sat=True equivalent=True states=7 cegis_rounds=17 cex=16 solver_rounds=102 time=51.4242s
[32/63] ((((a)*+(b)*)+a)+((a)* ((((c)* b) (((a c))*+a)))*))
  sat=True equivalent=False states=6 cegis_rounds=30 cex=30 solver_rounds=160 time=147.8132s
[33/63] ((((b)*+c))*+((c c) ((((a)* (c)*)+b) (c)*)))
  sat=True equivalent=True states=7 cegis_rounds=30 cex=29 solver_rounds=162 time=138.0168s
[34/63] ((((((c)*+c))* ((a)* a)) (a ((b b) c))))*
  sat=True equivalent=False states=5 cegis_rounds=30 cex=30 solver_rounds=129 time=45.8451s
[35/63] (((((((b)*+c) ((a)* ((b)* (c)*))))* (c a)))*+((a)*+c))
  sat=True equivalent=True states=6 cegis_rounds=24 cex=23 solver_rounds=115 time=33.8687s
[36/63] ((((((c)*+c) c) (((a (c)*) a))*) a))*
  sat=True equivalent=True states=7 cegis_rounds=14 cex=13 solver_rounds=82 time=44.1676s
[37/63] ((((b)*+c) ((c)*+(c)*))+((b c))*)
  sat=True equivalent=True states=8 cegis_rounds=19 cex=18 solver_rounds=110 time=34.1982s
[38/63] ((((c)* ((c)*+c))+(b)*)+(a ((b a) b)))
  sat=True equivalent=False states=7 cegis_rounds=30 cex=30 solver_rounds=160 time=52.1648s
[39/63] (((c a) ((a)*+c)) ((a)* (c b)))
  sat=True equivalent=False states=6 cegis_rounds=30 cex=30 solver_rounds=144 time=34.2102s
[40/63] (((((((b+c)+a) (a ((b)*+b))) (b)*))*+c)+(b c))
  sat=True equivalent=False states=8 cegis_rounds=30 cex=30 solver_rounds=180 time=177.0739s
[41/63] ((((c b) a) ((c (a (b)*)))*) (c)*)
  sat=True equivalent=False states=7 cegis_rounds=30 cex=30 solver_rounds=177 time=2712.1619s
[42/63] ((((((a (c)*) a))*+b) ((b)*+b))+(((c+c) a)+(c)*))
  sat=True equivalent=False states=8 cegis_rounds=30 cex=30 solver_rounds=182 time=1951.9963s
[43/63] ((((c)* ((b)* c)) ((c (a (((b)* b))*)) (b)*)))*
  sat=True equivalent=False states=6 cegis_rounds=30 cex=30 solver_rounds=157 time=72.0668s
[44/63] ((((((a)*+a) b)+(b)*)+((b)* (a)*))+((((b (b)*))* c))*)
  sat=True equivalent=False states=8 cegis_rounds=30 cex=30 solver_rounds=187 time=103.0819s
[45/63] (((a ((((((b c)+(c)*)+(a)*) (a (c)*)) (a)*))*) a))*
  sat=True equivalent=False states=6 cegis_rounds=30 cex=30 solver_rounds=146 time=56.4022s
[46/63] ((((c)* (a)*) ((c b)+c)) (((a)*+b)+(a)*))
  sat=True equivalent=False states=8 cegis_rounds=30 cex=30 solver_rounds=183 time=120.3756s
[47/63] ((b)*+(c ((b a) ((b (a c)) (((b+c))*+c)))))
  sat=True equivalent=False states=5 cegis_rounds=30 cex=30 solver_rounds=143 time=43.6157s
[48/63] (((((b)*+a) (b c))+(a)*) (((a+b) (b)*)+c))
  sat=True equivalent=False states=7 cegis_rounds=30 cex=30 solver_rounds=160 time=33.8241s
[49/63] (((((a)*+(b c)) (((c)* c) a))+(a c)))*
  sat=True equivalent=False states=7 cegis_rounds=30 cex=30 solver_rounds=168 time=77.7087s
[50/63] (((((((c (a+b)) (c)*) b))* (a (a+b)))+(a)*)+(b+b))
  sat=True equivalent=False states=7 cegis_rounds=30 cex=30 solver_rounds=167 time=85.5426s
[51/63] (((a+c) (((((a (b a))+b))*+c))*)+(a ((b (a)*)+c)))
  sat=True equivalent=False states=7 cegis_rounds=30 cex=30 solver_rounds=163 time=66.8520s
[52/63] (((((((((c)*+b))* (b)*)+(b)*) a) b))*+((a+c) a))
